src/pages/quest/QuestPage.tsx(5,36): error TS6133: 'getLevelFromXP' is declared but its value is never read.
src/pages/quest/QuestPage.tsx(6,51): error TS6196: 'Experience' is declared but never used.
src/pages/quest/QuestPage.tsx(6,63): error TS6196: 'ExperienceAnswer' is declared but never used.
src/pages/quest/QuestPage.tsx(6,103): error TS6196: 'ExperienceSkill' is declared but never used.
src/pages/quest/QuestPage.tsx(6,120): error TS6196: 'Skill' is declared but never used.
src/pages/quest/QuestPage.tsx(6,145): error TS6196: 'CategoryKey' is declared but never used.
